[[ 0.07731617  0.25714674 -0.13263548]
 [-0.19494561  0.39331832 -0.54704409]
 [ 0.23663649 -0.11162851 -0.22216837]]