[[0.34484818 0.3490138  0.35962541]
 [0.57428832 0.55155001 0.5085264 ]
 [0.99896668 1.40954432 1.14642718]]