[[ 0.16258481  0.42614499  0.33353189]
 [ 0.3407417   0.54233918  0.50396602]
 [-0.20919435 -0.52457951 -0.41537822]]