[[-0.0807097  -0.26843331  0.13845705]
 [ 0.20350208 -0.41058168  0.57105471]
 [-0.24702284  0.11652806  0.23191969]]