[[-1.84993859  4.64801961  0.72256438]
 [-2.97548333  4.41549851  0.14438585]
 [ 2.57097121 -6.03637522 -0.79542495]]