[[-0.07243639  0.3803624   0.27070322]
 [ 0.07137307  0.35916405  0.51141176]
 [ 0.04851674 -0.51620915 -0.47045627]]