[[ 0.73948605 -1.78006293  2.34478746]
 [-1.6283358   1.72202744 -2.52052335]
 [ 2.09573005 -1.5833993   2.07673762]]