[[ 0.00094229 -0.00406723 -0.01390804]
 [-0.11995219  0.26057885 -0.04045156]
 [ 0.23688409 -0.53979916 -0.09758203]]