[[ 0.01198806  0.14548087 -0.02152748]
 [ 0.16594102 -1.27273027 -0.35414524]
 [ 0.08038169 -2.08713778 -0.1966768 ]]