[[ -5.13410573  -2.2644894   -9.50684998]
 [-12.94693678   3.535341    33.04037699]
 [ -2.42428225   1.80519293  -0.12730716]]