[[ -0.10478867  -0.7681465   -7.71830882]
 [  1.25789149 -16.51862324 -44.75433198]
 [ -0.60028329  -8.8168696  -18.9515536 ]]