[[-0.00407848  0.01124159 -0.20861434]
 [ 0.23741442 -3.22606289 -1.68073103]
 [ 0.02484755 -2.63620356 -0.64316882]]